=== CUDA check ===
GPU 0: NVIDIA GeForce RTX 3090 (UUID: GPU-7baf366c-aba6-d35f-63b6-dc337ac48526)
torch 2.1.0+cu118 device NVIDIA GeForce RTX 3090
=== Repo ===
Using uploaded trainer overrides; skipping git pull
=== Venv ===
torch 2.1.0+cu118 device NVIDIA GeForce RTX 3090
=== Local overrides (if uploaded) ===
=== Stub supabase for headless RL ===
PID 57967 NUM_GAMES=100000 TRAIN_DEVICE=gpu PYTHON=/workspace/venv/bin/python
  "opponent_type": "ev_ai",
  "use_reward_shaping": true,
  "shape_step": 0.05,
  "shape_pair": 1.5,
  "shape_high_keep": -0.8,
  "shape_low_keep": 0.3,
  "shape_midhigh_keep": -0.4,
  "shape_flip": 0.1,
  "train_device": "gpu",
  "train_mode": "dqn_parallel",
  "batch_size": 512,
  "hidden_size": 128,
  "train_steps_per_game": 8,
  "num_workers": 8
}
======================================================================
NEURAL DQN TRAINING (PARALLEL ROLLOUTS + GPU UPDATES)
======================================================================
Device: cuda
GPU: NVIDIA GeForce RTX 3090
Workers: 8 (cpu_count=64) chunk=16
State dim=140 actions=12 hidden=128 batch=512
Train steps/round~8 (clamped 8-32 from transitions)
Games=100000 bootstrap=80000 opponent=ev_ai
Loaded DQN weights from /workspace/Golf_solver/backend/RL/output/dqn_policy.pt
  Game 64: BOOTSTRAP | Win rate=39.06%, Avg score=12.44, States=43596, Epsilon=0.010, loss=1.1094, buffer=512, steps=8, 83.3 games/s, workers=8, device=cuda
  Game 112: BOOTSTRAP | Win rate=37.50%, Avg score=13.03, States=43596, Epsilon=0.010, loss=1.1671, buffer=896, steps=8, 101.7 games/s, workers=8, device=cuda
  Game 160: BOOTSTRAP | Win rate=40.00%, Avg score=13.36, States=43596, Epsilon=0.010, loss=1.1379, buffer=1280, steps=8, 106.1 games/s, workers=8, device=cuda
  Game 208: BOOTSTRAP | Win rate=41.83%, Avg score=13.04, States=43596, Epsilon=0.010, loss=1.1078, buffer=1664, steps=8, 113.1 games/s, workers=8, device=cuda
  Game 256: BOOTSTRAP | Win rate=42.97%, Avg score=13.24, States=43596, Epsilon=0.010, loss=1.1010, buffer=2048, steps=8, 113.9 games/s, workers=8, device=cuda
  Game 304: BOOTSTRAP | Win rate=42.11%, Avg score=13.27, States=43596, Epsilon=0.010, loss=1.0485, buffer=2432, steps=8, 116.7 games/s, workers=8, device=cuda
  Game 352: BOOTSTRAP | Win rate=43.18%, Avg score=13.02, States=43596, Epsilon=0.010, loss=0.9888, buffer=2816, steps=8, 118.1 games/s, workers=8, device=cuda
  Game 400: BOOTSTRAP | Win rate=44.75%, Avg score=12.79, States=43596, Epsilon=0.010, loss=1.1414, buffer=3200, steps=8, 120.8 games/s, workers=8, device=cuda
  Game 464: BOOTSTRAP | Win rate=44.61%, Avg score=12.82, States=43596, Epsilon=0.010, loss=0.8443, buffer=3712, steps=8, 122.1 games/s, workers=8, device=cuda
  Game 512: BOOTSTRAP | Win rate=43.75%, Avg score=13.01, States=43596, Epsilon=0.010, loss=0.9670, buffer=4096, steps=8, 123.1 games/s, workers=8, device=cuda
Saved DQN weights to /workspace/Golf_solver/backend/RL/output/dqn_policy.pt
  Game 560: BOOTSTRAP | Win rate=43.21%, Avg score=13.11, States=43596, Epsilon=0.010, loss=1.1493, buffer=4480, steps=8, 123.1 games/s, workers=8, device=cuda
  Game 608: BOOTSTRAP | Win rate=43.42%, Avg score=13.19, States=43596, Epsilon=0.010, loss=1.0331, buffer=4864, steps=8, 122.3 games/s, workers=8, device=cuda
  Game 656: BOOTSTRAP | Win rate=43.14%, Avg score=13.18, States=43596, Epsilon=0.010, loss=1.1047, buffer=5248, steps=8, 123.6 games/s, workers=8, device=cuda
  Game 704: BOOTSTRAP | Win rate=44.18%, Avg score=12.96, States=43596, Epsilon=0.010, loss=0.8921, buffer=5632, steps=8, 125.3 games/s, workers=8, device=cuda
    PID     ELAPSED CMD
  57967       00:08 /workspace/venv/bin/python -u run_remote_train.py
=== TRAIN LAUNCHED ===
