Running locally - Google Drive not available
======================================================================
PARALLEL CPU Q-LEARNING TRAINING
======================================================================
Workers: 8 (cpu_count=8)
Chunk size: 16
Games: 5000 | opponent=ev_ai
Bootstrap: 1000 | epsilon=0.2
Loaded Q-table from C:\Users\kbwil\Documents\Data_Projects\golf\Golf_solver\backend\RL\output\qtable_train.csv
  Game 256: BOOTSTRAP | Win rate=48.05%, Avg score=12.50, States=8766, Epsilon=0.198, 12.0 games/s
  Game 512: BOOTSTRAP | Win rate=46.29%, Avg score=12.59, States=9705, Epsilon=0.195, 17.7 games/s
  Game 752: BOOTSTRAP | Win rate=47.34%, Avg score=12.39, States=10557, Epsilon=0.193, 20.9 games/s
  Game 1008: Q-LEARNING | Win rate=47.42%, Avg score=12.54, States=11451, Epsilon=0.190, 21.3 games/s
  Game 1264: Q-LEARNING | Win rate=42.56%, Avg score=13.99, States=12353, Epsilon=0.188, 22.5 games/s
  Game 1504: Q-LEARNING | Win rate=39.10%, Avg score=14.92, States=13189, Epsilon=0.186, 23.1 games/s
  Game 1760: Q-LEARNING | Win rate=36.48%, Avg score=15.75, States=14078, Epsilon=0.184, 22.9 games/s
  Game 2000: Q-LEARNING | Win rate=34.75%, Avg score=16.24, States=14906, Epsilon=0.181, 23.1 games/s
  Game 2256: Q-LEARNING | Win rate=32.71%, Avg score=16.79, States=15770, Epsilon=0.179, 23.3 games/s
  Game 2512: Q-LEARNING | Win rate=32.05%, Avg score=17.16, States=16647, Epsilon=0.176, 22.9 games/s
  Game 2752: Q-LEARNING | Win rate=31.43%, Avg score=17.46, States=17453, Epsilon=0.175, 22.9 games/s
  Game 3008: Q-LEARNING | Win rate=30.72%, Avg score=17.79, States=18310, Epsilon=0.172, 22.2 games/s
  Game 3264: Q-LEARNING | Win rate=30.51%, Avg score=17.98, States=19164, Epsilon=0.170, 21.3 games/s
  Game 3504: Q-LEARNING | Win rate=30.08%, Avg score=18.18, States=19971, Epsilon=0.168, 17.7 games/s
  Game 3760: Q-LEARNING | Win rate=29.49%, Avg score=18.33, States=20819, Epsilon=0.166, 17.3 games/s
  Game 4000: Q-LEARNING | Win rate=28.98%, Avg score=18.47, States=21611, Epsilon=0.164, 15.7 games/s
  Game 4256: Q-LEARNING | Win rate=28.85%, Avg score=18.56, States=22447, Epsilon=0.162, 15.2 games/s
  Game 4512: Q-LEARNING | Win rate=28.50%, Avg score=18.67, States=23267, Epsilon=0.160, 14.9 games/s
  Game 4752: Q-LEARNING | Win rate=28.41%, Avg score=18.79, States=24038, Epsilon=0.158, 14.7 games/s
  Game 5000: Q-LEARNING | Win rate=28.12%, Avg score=18.87, States=24828, Epsilon=0.156, 14.6 games/s
Running locally - Google Drive not available
Running locally - Google Drive not available
Running locally - Google Drive not available
Running locally - Google Drive not available
Running locally - Google Drive not available
Running locally - Google Drive not available
Running locally - Google Drive not available
Running locally - Google Drive not available

PARALLEL CPU TRAINING COMPLETE
  Games: 5000 | workers=8
  Win rate: 28.12%
  Avg score: 18.87
  Q-table: 24828 states, 60600 entries
  Time: 345.4s (14.5 games/s)
Q-table saved to C:\Users\kbwil\Documents\Data_Projects\golf\Golf_solver\backend\RL\output\qtable_train.csv
Error uploading RL training run: {'message': 'JSON could not be generated', 'code': 522, 'hint': 'Refer to full message for details', 'details': 'b\'<!DOCTYPE html>\\n<!--[if lt IE 7]> <html class="no-js ie6 oldie" lang="en-US"> <![endif]-->\\n<!--[if IE 7]>    <html class="no-js ie7 oldie" lang="en-US"> <![endif]-->\\n<!--[if IE 8]>    <html class="no-js ie8 oldie" lang="en-US"> <![endif]-->\\n<!--[if gt IE 8]><!--> <html class="no-js" lang="en-US"> <!--<![endif]-->\\n<head>\\n\\n<title>supabase.co | 522: Connection timed out</title>\\n<meta charset="UTF-8" />\\n<meta http-equiv="Content-Type" content="text/html; charset=UTF-8" />\\n<meta http-equiv="X-UA-Compatible" content="IE=Edge" />\\n<meta name="robots" content="noindex, nofollow" />\\n<meta name="viewport" content="width=device-width,initial-scale=1" />\\n<link rel="stylesheet" id="cf_styles-css" href="/cdn-cgi/styles/main.css" />\\n</head>\\n<body>\\n<div id="cf-wrapper">\\n    <div id="cf-error-details" class="p-0">\\n        <header class="mx-auto pt-10 lg:pt-6 lg:px-8 w-240 lg:w-full mb-8">\\n            <h1 class="inline-block sm:block sm:mb-2 font-light text-60 lg:text-4xl text-black-dark leading-tight mr-2">\\n                <span class="inline-block">Connection timed out</span>\\n                <span class="code-label">Error code 522</span>\\n            </h1>\\n            <div>\\n                Visit <a href="https://www.cloudflare.com/5xx-error-landing?utm_source=errorcode_522&utm_campaign=guhweuzngmccjbttcmgx.supabase.co" target="_blank" rel="noopener noreferrer">cloudflare.com</a> for more information.\\n            </div>\\n            <div class="mt-3">2026-07-27 21:43:39 UTC</div>\\n        </header>\\n        <div class="my-8 bg-gradient-gray">\\n            <div class="w-240 lg:w-full mx-auto">\\n                <div class="clearfix md:px-8">\\n                    <div id="cf-browser-status" class=" relative w-1/3 md:w-full py-15 md:p-0 md:py-8 md:text-left md:border-solid md:border-0 md:border-b md:border-gray-400 overflow-hidden float-left md:float-none text-center">\\n  <div class="relative mb-10 md:m-0">\\n    \\n    <span class="cf-icon-browser block md:hidden h-20 bg-center bg-no-repeat"></span>\\n    <span class="cf-icon-ok w-12 h-12 absolute left-1/2 md:left-auto md:right-0 md:top-0 -ml-6 -bottom-4"></span>\\n    \\n  </div>\\n  <span class="md:block w-full truncate">You</span>\\n  <h3 class="md:inline-block mt-3 md:mt-0 text-2xl text-gray-600 font-light leading-1.3">\\n  \\n    Browser\\n  \\n  </h3>\\n  \\n  <span class="leading-1.3 text-2xl text-green-success">Working</span>\\n  \\n</div>\\n                    <div id="cf-cloudflare-status" class=" relative w-1/3 md:w-full py-15 md:p-0 md:py-8 md:text-left md:border-solid md:border-0 md:border-b md:border-gray-400 overflow-hidden float-left md:float-none text-center">\\n  <div class="relative mb-10 md:m-0">\\n    <a href="https://www.cloudflare.com/5xx-error-landing?utm_source=errorcode_522&#38;utm_campaign=guhweuzngmccjbttcmgx.supabase.co" target="_blank" rel="noopener noreferrer">\\n    <span class="cf-icon-cloud block md:hidden h-20 bg-center bg-no-repeat"></span>\\n    <span class="cf-icon-ok w-12 h-12 absolute left-1/2 md:left-auto md:right-0 md:top-0 -ml-6 -bottom-4"></span>\\n    </a>\\n  </div>\\n  <span class="md:block w-full truncate">Miami</span>\\n  <h3 class="md:inline-block mt-3 md:mt-0 text-2xl text-gray-600 font-light leading-1.3">\\n  <a href="https://www.cloudflare.com/5xx-error-landing?utm_source=errorcode_522&utm_campaign=guhweuzngmccjbttcmgx.supabase.co" target="_blank" rel="noopener noreferrer">\\n    Cloudflare\\n  </a>\\n  </h3>\\n  \\n  <span class="leading-1.3 text-2xl text-green-success">Working</span>\\n  \\n</div>\\n                    <div id="cf-host-status" class="cf-error-source relative w-1/3 md:w-full py-15 md:p-0 md:py-8 md:text-left md:border-solid md:border-0 md:border-b md:border-gray-400 overflow-hidden float-left md:float-none text-center">\\n  <div class="relative mb-10 md:m-0">\\n    \\n    <span class="cf-icon-server block md:hidden h-20 bg-center bg-no-repeat"></span>\\n    <span class="cf-icon-error w-12 h-12 absolute left-1/2 md:left-auto md:right-0 md:top-0 -ml-6 -bottom-4"></span>\\n    \\n  </div>\\n  <span class="md:block w-full truncate">guhweuzngmccjbttcmgx.supabase.co</span>\\n  <h3 class="md:inline-block mt-3 md:mt-0 text-2xl text-gray-600 font-light leading-1.3">\\n  \\n    Host\\n  \\n  </h3>\\n  \\n  <span class="leading-1.3 text-2xl text-red-error">Error</span>\\n  \\n</div>\\n                </div>\\n            </div>\\n        </div>\\n\\n        <div class="w-240 lg:w-full mx-auto mb-8 lg:px-8">\\n            <div class="clearfix">\\n                <div class="w-1/2 md:w-full float-left pr-6 md:pb-10 md:pr-0 leading-relaxed">\\n                    <h2 class="text-3xl font-normal leading-1.3 mb-4">What happened?</h2>\\n                    <p>The initial connection between Cloudflare\\\'s network and the origin web server timed out. As a result, the web page can not be displayed.</p>\\n                </div>\\n                <div class="w-1/2 md:w-full float-left leading-relaxed">\\n                    <h2 class="text-3xl font-normal leading-1.3 mb-4">What can I do?</h2>\\n                    \\n                <h3 class="text-15 font-semibold mb-2">If you\\\'re a visitor of this website:</h3>\\n                <p class="mb-6">Please try again in a few minutes.</p>\\n\\n                <h3 class="text-15 font-semibold mb-2">If you\\\'re the owner of this website:</h3>\\n                <p><span>Contact your hosting provider letting them know your web server is not completing requests. An Error 522 means that the request was able to connect to your web server, but that the request didn\\\'t finish. The most likely cause is that something on your server is hogging resources.</span> <a rel="noopener noreferrer" href="https://developers.cloudflare.com/support/troubleshooting/http-status-codes/cloudflare-5xx-errors/error-522/">Additional troubleshooting information here.</a></p>\\n                </div>\\n            </div>\\n        </div>\\n\\n        <div class="cf-error-footer cf-wrapper w-240 lg:w-full py-10 sm:py-4 sm:px-8 mx-auto text-center sm:text-left border-solid border-0 border-t border-gray-300">\\n    <p class="text-13">\\n      <span class="cf-footer-item sm:block sm:mb-1">Cloudflare Ray ID: <strong class="font-semibold">a21ed1afdfb2f471</strong></span>\\n      <span class="cf-footer-separator sm:hidden">&bull;</span>\\n      <span id="cf-footer-item-ip" class="cf-footer-item hidden sm:block sm:mb-1">\\n        Your IP:\\n        <button type="button" id="cf-footer-ip-reveal" class="cf-footer-ip-reveal-btn">Click to reveal</button>\\n        <span class="hidden" id="cf-footer-ip">146.70.147.100</span>\\n        <span class="cf-footer-separator sm:hidden">&bull;</span>\\n      </span>\\n      <span class="cf-footer-item sm:block sm:mb-1"><span>Performance &amp; security by</span> <a rel="noopener noreferrer" href="https://www.cloudflare.com/5xx-error-landing?utm_source=errorcode_522&#38;utm_campaign=guhweuzngmccjbttcmgx.supabase.co" id="brand_link" target="_blank">Cloudflare</a></span>\\n      \\n    </p>\\n    <script>(function(){function d(){var b=a.getElementById("cf-footer-item-ip"),c=a.getElementById("cf-footer-ip-reveal");b&&"classList"in b&&(b.classList.remove("hidden"),c.addEventListener("click",function(){c.classList.add("hidden");a.getElementById("cf-footer-ip").classList.remove("hidden")}))}var a=document;document.addEventListener&&a.addEventListener("DOMContentLoaded",d)})();</script>\\n  </div><!-- /.error-footer -->\\n\\n    </div>\\n</div>\\n</body>\\n</html>\''}
Archived + DB upload: 20260727_054317pm_5000g (supabase=False)
